
Discarded input sections

 .text          0x0000000000000000        0x0 build/asm/header.s.o
 .bss           0x0000000000000000        0x0 build/asm/header.s.o
 .reginfo       0x0000000000000000       0x18 build/asm/header.s.o
 .MIPS.abiflags
                0x0000000000000000       0x18 build/asm/header.s.o
 .pdr           0x0000000000000000        0x0 build/asm/header.s.o
 .gnu.attributes
                0x0000000000000000       0x10 build/asm/header.s.o
 .data          0x0000000000000000        0x0 build/asm/1000.s.o
 .bss           0x0000000000000000        0x0 build/asm/1000.s.o
 .reginfo       0x0000000000000000       0x18 build/asm/1000.s.o
 .MIPS.abiflags
                0x0000000000000000       0x18 build/asm/1000.s.o
 .pdr           0x0000000000000000        0x0 build/asm/1000.s.o
 .gnu.attributes
                0x0000000000000000       0x10 build/asm/1000.s.o
 .options       0x0000000000000000       0x20 build/src/init.c.o
 .reginfo       0x0000000000000000       0x18 build/src/init.c.o
 .mdebug        0x0000000000000000     0xe42c build/src/init.c.o
 .options       0x0000000000000000       0x20 build/src/1130.c.o
 .reginfo       0x0000000000000000       0x18 build/src/1130.c.o
 .data          0x0000000000000000        0x0 build/asm/1850.s.o
 .bss           0x0000000000000000        0x0 build/asm/1850.s.o
 .reginfo       0x0000000000000000       0x18 build/asm/1850.s.o
 .MIPS.abiflags
                0x0000000000000000       0x18 build/asm/1850.s.o
 .pdr           0x0000000000000000        0x0 build/asm/1850.s.o
 .gnu.attributes
                0x0000000000000000       0x10 build/asm/1850.s.o
 .data          0x0000000000000000        0x0 build/asm/33D0.s.o
 .bss           0x0000000000000000        0x0 build/asm/33D0.s.o
 .reginfo       0x0000000000000000       0x18 build/asm/33D0.s.o
 .MIPS.abiflags
                0x0000000000000000       0x18 build/asm/33D0.s.o
 .pdr           0x0000000000000000        0x0 build/asm/33D0.s.o
 .gnu.attributes
                0x0000000000000000       0x10 build/asm/33D0.s.o
 .data          0x0000000000000000        0x0 build/asm/8650.s.o
 .bss           0x0000000000000000        0x0 build/asm/8650.s.o
 .reginfo       0x0000000000000000       0x18 build/asm/8650.s.o
 .MIPS.abiflags
                0x0000000000000000       0x18 build/asm/8650.s.o
 .pdr           0x0000000000000000        0x0 build/asm/8650.s.o
 .gnu.attributes
                0x0000000000000000       0x10 build/asm/8650.s.o
 .data          0x0000000000000000        0x0 build/asm/97B0.s.o
 .bss           0x0000000000000000        0x0 build/asm/97B0.s.o
 .reginfo       0x0000000000000000       0x18 build/asm/97B0.s.o
 .MIPS.abiflags
                0x0000000000000000       0x18 build/asm/97B0.s.o
 .pdr           0x0000000000000000        0x0 build/asm/97B0.s.o
 .gnu.attributes
                0x0000000000000000       0x10 build/asm/97B0.s.o
 .options       0x0000000000000000       0x20 build/src/C120.c.o
 .reginfo       0x0000000000000000       0x18 build/src/C120.c.o
 .data          0x0000000000000000        0x0 build/asm/C910.s.o
 .bss           0x0000000000000000        0x0 build/asm/C910.s.o
 .reginfo       0x0000000000000000       0x18 build/asm/C910.s.o
 .MIPS.abiflags
                0x0000000000000000       0x18 build/asm/C910.s.o
 .pdr           0x0000000000000000        0x0 build/asm/C910.s.o
 .gnu.attributes
                0x0000000000000000       0x10 build/asm/C910.s.o
 .options       0x0000000000000000       0x20 build/src/FA60.c.o
 .reginfo       0x0000000000000000       0x18 build/src/FA60.c.o
 .options       0x0000000000000000       0x20 build/src/shadow.c.o
 .reginfo       0x0000000000000000       0x18 build/src/shadow.c.o
 .data          0x0000000000000000        0x0 build/asm/12740.s.o
 .bss           0x0000000000000000        0x0 build/asm/12740.s.o
 .reginfo       0x0000000000000000       0x18 build/asm/12740.s.o
 .MIPS.abiflags
                0x0000000000000000       0x18 build/asm/12740.s.o
 .pdr           0x0000000000000000        0x0 build/asm/12740.s.o
 .gnu.attributes
                0x0000000000000000       0x10 build/asm/12740.s.o
 .data          0x0000000000000000        0x0 build/asm/15440.s.o
 .bss           0x0000000000000000        0x0 build/asm/15440.s.o
 .reginfo       0x0000000000000000       0x18 build/asm/15440.s.o
 .MIPS.abiflags
                0x0000000000000000       0x18 build/asm/15440.s.o
 .pdr           0x0000000000000000        0x0 build/asm/15440.s.o
 .gnu.attributes
                0x0000000000000000       0x10 build/asm/15440.s.o
 .data          0x0000000000000000        0x0 build/asm/191F0.s.o
 .bss           0x0000000000000000        0x0 build/asm/191F0.s.o
 .reginfo       0x0000000000000000       0x18 build/asm/191F0.s.o
 .MIPS.abiflags
                0x0000000000000000       0x18 build/asm/191F0.s.o
 .pdr           0x0000000000000000        0x0 build/asm/191F0.s.o
 .gnu.attributes
[...]
Memory Configuration

Name             Origin             Length             Attributes
*default*        0x0000000000000000 0xffffffffffffffff

Linker script and memory map

LOAD build/asm/header.s.o
LOAD build/assets/boot.bin.o
LOAD build/asm/1000.s.o
LOAD build/src/init.c.o
LOAD build/src/1130.c.o
LOAD build/asm/1850.s.o
LOAD build/asm/33D0.s.o
LOAD build/asm/8650.s.o
LOAD build/asm/97B0.s.o
LOAD build/src/C120.c.o
LOAD build/asm/C910.s.o
LOAD build/src/FA60.c.o
LOAD build/src/shadow.c.o
LOAD build/asm/12740.s.o
LOAD build/asm/15440.s.o
LOAD build/asm/191F0.s.o
LOAD build/asm/1BCD0.s.o
LOAD build/asm/1D160.s.o
LOAD build/asm/1E4B0.s.o
LOAD build/src/1EDF0.c.o
LOAD build/src/inventory.c.o
LOAD build/asm/screen_dim.s.o
LOAD build/asm/23740.s.o
LOAD build/asm/srand.s.o
LOAD build/asm/24E60.s.o
LOAD build/src/25290.c.o
LOAD build/asm/271F0.s.o
LOAD build/src/27640.c.o
LOAD build/asm/2C110.s.o
LOAD build/asm/2F1E0.s.o
LOAD build/asm/31A10.s.o
LOAD build/asm/31F00.s.o
LOAD build/asm/32840.s.o
LOAD build/asm/328F0.s.o
LOAD build/asm/initialize.s.o
LOAD build/asm/createthread.s.o
LOAD build/asm/startthread.s.o
LOAD build/asm/pimgr.s.o
LOAD build/asm/createmesgqueue.s.o
LOAD build/asm/visetevent.s.o
LOAD build/asm/seteventmesg.s.o
LOAD build/asm/recvmesg.s.o
LOAD build/asm/setintmask.s.o
LOAD build/asm/sendmesg.s.o
LOAD build/asm/writebackdcacheall.s.o
LOAD build/asm/sptaskyield.s.o
LOAD build/asm/sptaskyielded.s.o
LOAD build/asm/sptask.s.o
LOAD build/asm/virepeatline.s.o
LOAD build/asm/viswapbuf.s.o
LOAD build/asm/vigetcurrframebuf.s.o
LOAD build/asm/vimgr.s.o
LOAD build/asm/visetmode.s.o
LOAD build/asm/visetspecial.s.o
LOAD build/asm/virtualtophysical.s.o
LOAD build/asm/writebackdcache.s.o
LOAD build/asm/gettime.s.o
LOAD build/asm/sqrtf.s.o
LOAD build/asm/position.s.o
LOAD build/asm/sins.s.o
LOAD build/asm/mtxutil.s.o
LOAD build/asm/mtxcatf.s.o
LOAD build/asm/sinf.s.o
LOAD build/asm/ortho.s.o
LOAD build/asm/perspective.s.o
LOAD build/asm/lookatref.s.o
LOAD build/asm/translate.s.o
LOAD build/asm/cosf.s.o
LOAD build/asm/sprintf.s.o
LOAD build/asm/invalicache.s.o
LOAD build/asm/invaldcache.s.o
LOAD build/asm/pidma.s.o
LOAD build/asm/heapinit.s.o
LOAD build/asm/heapalloc.s.o
LOAD build/asm/aisetfreq.s.o
LOAD build/asm/seqpsetvol.s.o
LOAD build/asm/synthesizer.s.o
LOAD build/asm/aigetlen.s.o
LOAD build/asm/aisetnextbuf.s.o
LOAD build/asm/n_alseqpgetvol.s.o
LOAD build/asm/csplayer.s.o
LOAD build/asm/bnkf.s.o
LOAD build/asm/seqpsetbank.s.o
LOAD build/asm/cseq.s.o
LOAD build/asm/cspsetseq.s.o
LOAD build/asm/seqpplay.s.o
LOAD build/asm/seqpstop.s.o
LOAD build/asm/seqpgetstate.s.o
LOAD build/asm/sndplayer.s.o
LOAD build/asm/sndpallocate.s.o
LOAD build/asm/sndpsetsound.s.o
LOAD build/asm/sndpgetstate.s.o
LOAD build/asm/sndplay.s.o
LOAD build/asm/sndpstop.s.o
LOAD build/asm/sndpsetpitch.s.o
LOAD build/asm/sndpsetvol.s.o
LOAD build/asm/sndpsetpan.s.o
LOAD build/asm/ll.s.o
LOAD build/asm/pfsinitpak.s.o
LOAD build/asm/motor.s.o
LOAD build/asm/deletedfuncs.s.o
LOAD build/asm/controller.s.o
LOAD build/asm/contsetch.s.o
LOAD build/asm/contreaddata.s.o
LOAD build/asm/pfsfilestate.s.o
LOAD build/asm/pfsfreeblocks.s.o
LOAD build/asm/pfsallocatefile.s.o
LOAD build/asm/pfsdeletefile.s.o
LOAD build/asm/pfsreadwritefile.s.o
LOAD build/asm/__osGetId.s.o
LOAD build/asm/pfsnumfiles.s.o
LOAD build/asm/contquery.s.o
LOAD build/asm/setsr.s.o
LOAD build/asm/getsr.s.o
LOAD build/asm/setfpccsr.s.o
LOAD build/asm/sprawread.s.o
LOAD build/asm/sprawwrite.s.o
LOAD build/asm/exceptasm.s.o
LOAD build/asm/maptlbrdb.s.o
LOAD build/asm/pirawread.s.o
LOAD build/asm/bzero.s.o
LOAD build/asm/interrupt.s.o
LOAD build/asm/thread.s.o
LOAD build/asm/cartrominit.s.o
LOAD build/asm/leodiskinit.s.o
LOAD build/asm/siacsDuplicate.s.o
LOAD build/asm/getthreadpri.s.o
LOAD build/asm/setthreadpri.s.o
LOAD build/asm/pirawdma.s.o
LOAD build/asm/epiramdma.s.o
LOAD build/asm/devmgr.s.o
LOAD build/asm/vi.s.o
LOAD build/asm/spsetstat.s.o
LOAD build/asm/spgetstat.s.o
LOAD build/asm/bcopy.s.o
LOAD build/asm/spsetpc.s.o
LOAD build/asm/sprawdma.s.o
LOAD build/asm/sp.s.o
LOAD build/asm/timerintr.s.o
LOAD build/asm/vigetcurrcontext.s.o
LOAD build/asm/viswapcontext.s.o
LOAD build/asm/getcount.s.o
LOAD build/asm/probetlb.s.o
LOAD build/asm/xprintf.s.o
LOAD build/asm/string.s.o
LOAD build/asm/jammesg.s.o
LOAD build/asm/syndelete.s.o
LOAD build/asm/event.s.o
LOAD build/asm/drvrNew.s.o
LOAD build/asm/synallocfx.s.o
LOAD build/asm/mainbus.s.o
LOAD build/asm/load.s.o
LOAD build/asm/resample.s.o
LOAD build/asm/env.s.o
LOAD build/asm/auxbus.s.o
LOAD build/asm/save.s.o
LOAD build/asm/ai.s.o
LOAD build/asm/seqplayer.s.o
LOAD build/asm/synaddplayer.s.o
LOAD build/asm/synstopvoice.s.o
LOAD build/asm/synfreevoice.s.o
LOAD build/asm/synsetvol.s.o
LOAD build/asm/synsetpitch.s.o
LOAD build/asm/synallocvoice.s.o
LOAD build/asm/cents2ratio.s.o
LOAD build/asm/synstartvoiceparam.s.o
LOAD build/asm/synsetpan.s.o
LOAD build/asm/synsetfxmix.s.o
LOAD build/asm/synstartvoice.s.o
LOAD build/asm/siacs.s.o
LOAD build/asm/pfsgetstatus.s.o
LOAD build/asm/contpfs.s.o
LOAD build/asm/contramread.s.o
LOAD build/asm/pfschecker.s.o
LOAD build/asm/pfsisplug.s.o
LOAD build/asm/sirawdma.s.o
LOAD build/asm/crc.s.o
LOAD build/asm/contramwrite.s.o
LOAD build/asm/settimer.s.o
LOAD build/asm/pfssearchfile.s.o
LOAD build/asm/si.s.o
LOAD build/asm/leointerrupt.s.o
LOAD build/asm/destroythread.s.o
LOAD build/asm/resetglobalintmask.s.o
LOAD build/asm/epirawwrite.s.o
LOAD build/asm/epirawread.s.o
LOAD build/asm/setglobalintmask.s.o
LOAD build/asm/yieldthread.s.o
LOAD build/asm/setcompare.s.o
LOAD build/asm/xlitob.s.o
LOAD build/asm/xldtob.s.o
LOAD build/asm/copy.s.o
LOAD build/asm/filter.s.o
LOAD build/asm/reverb.s.o
LOAD build/asm/seq.s.o
LOAD build/asm/synsetpriority.s.o
LOAD build/assets/ucode_boot.bin.o
LOAD build/assets/ucode.bin.o
LOAD build/assets/4BFF0.bin.o
LOAD build/assets/ucode_data.bin.o
LOAD build/assets/737D0.bin.o
LOAD build/assets/73A90.bin.o
LOAD build/assets/D4B3C0.bin.o
LOAD build/assets/Instrument_ctl.bin.o
LOAD build/assets/Instrument_tbl.bin.o
LOAD build/assets/SE_ctl.bin.o
LOAD build/assets/SE_tbl.bin.o
LOAD build/assets/trailer.bin.o
                0x0000000001000000                __romPos = 0x0
                0x0000000001000000                . = __romPos
                0x0000000000000000                header_ROM_START = __romPos
                0x0000000000000000                header_VRAM = ADDR (.header)

.header         0x0000000000000000       0x40
                0x0000000000000000                header_TEXT_START = .
                0x0000000000000000                header_TEXT_END = .
                0x0000000000000000                header_DATA_START = .
                0x0000000000000000                header_s = .
 build/asm/header.s.o(.data)
 .data          0x0000000000000000       0x40 build/asm/header.s.o
                0x0000000000000040                header_DATA_END = .
                0x0000000000000040                header_BSS_START = .
                0x0000000000000040                header_BSS_END = .
                0x0000000000000040                header_ROM_END = 0x40
                0x0000000001000000                __romPos = 0x40
                0x0000000001000000                __romPos = 0x40
                0x0000000001000000                . = __romPos
                0x0000000000000040                boot_ROM_START = __romPos
                0x0000000000000040                boot_VRAM = ADDR (.boot)

.boot           0x0000000000000040      0xfc0
                0x0000000000000040                boot_TEXT_START = .
                0x0000000000000040                boot_TEXT_END = .
                0x0000000000000040                boot_DATA_START = .
                0x0000000000000040                boot_bin = .
 build/assets/boot.bin.o(.data)
 .data          0x0000000000000040      0xfc0 build/assets/boot.bin.o
                0x0000000000000040                _binary_assets_boot_bin_start
                0x0000000000001000                _binary_assets_boot_bin_end
                0x0000000000001000                boot_DATA_END = .
                0x0000000000001000                boot_BSS_START = .
                0x0000000000001000                boot_BSS_END = .
                0x0000000000001000                boot_ROM_END = 0x1000
                0x0000000001000000                __romPos = 0x1000
                0x0000000001000000                __romPos = 0x1000
                0x0000000001000000                . = __romPos
                0x0000000000001000                main_ROM_START = __romPos
                0x0000000080000400                main_VRAM = ADDR (.main)

.main           0x0000000080000400    0x49af0 load address 0x0000000000001000
                0x0000000080000400                main_TEXT_START = .
 build/asm/1000.s.o(.text)
 .text          0x0000000080000400       0x50 build/asm/1000.s.o
                0x0000000080000400                romMain
 build/src/init.c.o(.text)
 .text          0x0000000080000450       0xe0 build/src/init.c.o
                0x0000000080000450                func_80000450
                0x00000000800004b0                func_800004B0
 build/src/1130.c.o(.text)
 .text          0x0000000080000530      0x720 build/src/1130.c.o
                0x0000000080000530                func_80000530
                0x000000008000062c                func_8000062C
                0x00000000800006f8                Add_Four
                0x0000000080000704                Add_0x3C
                0x0000000080000710                func_80000710
                0x00000000800007d4                osScAddClient
                0x0000000080000824                func_80000824
                0x00000000800008b0                func_800008B0
                0x0000000080000900                func_80000900
                0x0000000080000a80                func_80000A80
                0x0000000080000bb4                func_80000BB4
 build/asm/1850.s.o(.text)
 .text          0x0000000080000c50     0x1b80 build/asm/1850.s.o
                0x0000000080000c50                gameMain
                0x0000000080000eec                setupNewGame
                0x0000000080000fe8                loadSpiritsSpells_and_Hud
                0x000000008000111c                func_8000111C
                0x00000000800011dc                graphicsMain
                0x0000000080001800                Mode_NormalPlay
                0x00000000800020b4                Mode_Pause_and_SaveMenu
                0x000000008000227c                Mode_TitleScreen
                0x0000000080002428                Mode_OPCredits_and_Story
                0x00000000800025e8                Mode_EndCredits
 build/asm/33D0.s.o(.text)
 .text          0x00000000800027d0     0x5280 build/asm/33D0.s.o
                0x00000000800027d0                SetDataForNewGame
                0x0000000080002918                func_80002918
                0x0000000080002ea0                CheckIfRoomIsValidLoadPoint
                0x0000000080002f60                unkContainsPtrImportant
                0x0000000080003870                func_80003870
                0x0000000080003a1c                UNK_Battle_Init
                0x0000000080003b60                StandStill_OR_WalkRun
                0x0000000080003f5c                UNK_DisableBrianMovement
                0x0000000080003f98                UNK_StopRunning_Skid
                0x0000000080004040                func_80004040
                0x00000000800041b4                brianDeath
                0x0000000080004260                TalkToNPC
                0x00000000800043c4                WalkThroughTransition
                0x0000000080004448                StaffAttack
                0x00000000800045f0                CastSpell
                0x0000000080004708                OpenDoor
                0x00000000800048d0                OpenSmallDoor
                0x000000008000496c                OpenChest
                0x0000000080004ab8                UseItem
                0x0000000080004bd0                func_80004BD0
                0x0000000080004d30                func_80004D30
                0x0000000080004e58                func_80004E58
                0x000000008000534c                func_8000534C
                0x00000000800056d0                func_800056D0
                0x0000000080005740                func_80005740
                0x0000000080005748                battleFenceCollissionSomething
                0x0000000080005a10                func_80005A10
                0x0000000080005c6c                func_80005C6C
                0x000000008000600c                func_8000600C
                0x00000000800060d4                doorSomething
                0x0000000080006340                func_80006340
                0x0000000080006604                func_80006604
                0x000000008000669c                playItemUseAnim
                0x0000000080006720                loadBrianAnim
                0x0000000080006774                func_80006774
                0x00000000800069fc                func_800069FC
                0x0000000080006a74                func_80006A74
                0x0000000080006b1c                func_80006B1C
                0x0000000080006bec                func_80006BEC
                0x0000000080006f6c                func_80006F6C
                0x0000000080007030                func_80007030
                0x00000000800070c0                func_800070C0
                0x00000000800072a8                func_800072A8
                0x00000000800073cc                calculateBattleAgilXP
                0x00000000800074a0                func_800074A0
 build/asm/8650.s.o(.text)
 .text          0x0000000080007a50     0x1160 build/asm/8650.s.o
                0x0000000080007a50                LoadNPCs_and_CutsceneData
                0x0000000080007b64                NPC_MainRoutine
                0x0000000080007f18                func_80007F18
                0x00000000800080e8                VOID_NPC_RELATED
                0x0000000080008290                func_80008290
                0x000000008000835c                func_8000835C
                0x00000000800086e4                NPC_Talk_GiveItem
                0x0000000080008948                func_80008948
                0x0000000080008a00                printNPCText
                0x0000000080008ad8                func_80008AD8
 build/asm/97B0.s.o(.text)
 .text          0x0000000080008bb0     0x2970 build/asm/97B0.s.o
                0x0000000080008bb0                func_80008BB0
                0x0000000080008c20                unk_loadMonsters
                0x0000000080008cf4                func_80008CF4
                0x0000000080008ef4                func_80008EF4
                0x0000000080008f6c                VOID_EscapeBattle_CONFIRM
                0x0000000080008fe0                func_80008FE0
                0x0000000080009260                func_80009260
                0x000000008000932c                func_8000932C
                0x0000000080009378                enemyIdle
                0x0000000080009588                enemyAdvance
                0x0000000080009818                func_80009818
                0x0000000080009934                func_80009934
                0x00000000800099dc                func_800099DC
                0x0000000080009d78                enemyAttack
                0x000000008000a008                func_8000A008
                0x000000008000a284                func_8000A284
                0x000000008000a3f4                func_8000A3F4
                0x000000008000a508                func_8000A508
                0x000000008000a7d8                func_8000A7D8
                0x000000008000a854                func_8000A854
                0x000000008000abf4                func_8000ABF4
                0x000000008000ac84                func_8000AC84
                0x000000008000acc0                func_8000ACC0
                0x000000008000b110                func_8000B110
                0x000000008000b140                func_8000B140
                0x000000008000b170                func_8000B170
                0x000000008000b2b8                VOID_Reset7d0c4
                0x000000008000b2c8                func_8000B2C8
                0x000000008000b300                func_8000B300
 build/src/C120.c.o(.text)
 .text          0x000000008000b520      0x7f0 build/src/C120.c.o
                0x000000008000b520                initSomeBossAddress
                0x000000008000b530                LoadAndSpawnBoss
                0x000000008000b618                func_8000B618
                0x000000008000b740                returnBossIDIfBrianInRange
                0x000000008000b7dc                func_8000B7DC
                0x000000008000b9d8                checkForValidBossID
                0x000000008000ba0c                func_8000BA0C
                0x000000008000ba4c                playBossIntro
                0x000000008000bb68                UNK_BossBattleSomething
 build/asm/C910.s.o(.text)
 .text          0x000000008000bd10     0x3150 build/asm/C910.s.o
                0x000000008000bd10                VOID_UNK_MoreMapTransitionStuff
                0x000000008000c42c                drawBoilHoleLavaEffect
                0x000000008000c4c4                func_8000C4C4
                0x000000008000ce8c                func_8000CE8C
                0x000000008000d518                func_8000D518
                0x000000008000d9bc                func_8000D9BC
                0x000000008000db10                initDoorAnimData
                0x000000008000db38                func_8000DB38
                0x000000008000db7c                func_8000DB7C
                0x000000008000dc4c                doorAnimationsSomething
                0x000000008000ddb0                func_8000DDB0
                0x000000008000e10c                func_8000E10C
                0x000000008000e224                func_8000E224
                0x000000008000e2c0                func_8000E2C0
                0x000000008000e350                func_8000E350
                0x000000008000e3c4                func_8000E3C4
                0x000000008000e418                func_8000E418
                0x000000008000e588                func_8000E588
                0x000000008000e774                func_8000E774
                0x000000008000eb30                func_8000EB30
                0x000000008000edd8                func_8000EDD8
 build/src/FA60.c.o(.text)
 .text          0x000000008000ee60     0x29f0 build/src/FA60.c.o
                0x000000008000ee60                func_8000EE60
                0x000000008000f0bc                func_8000F0BC
                0x000000008000f238                func_8000F238
                0x000000008000f5a4                func_8000F5A4
                0x000000008000f6a4                func_8000F6A4
                0x000000008000fcbc                func_8000FCBC
                0x000000008000fde0                func_8000FDE0
                0x000000008000ff54                func_8000FF54
                0x000000008000ffe8                checkForKeyItems
                0x0000000080010080                UNK_calledWhenGettingNearDoor_RENAME
                0x00000000800100d0                initLights_and_Fog
                0x0000000080010150                timeOfDaySomething
                0x00000000800102d0                changeTimeOfDay
                0x0000000080010510                checkIfDayHasPassed_and_Inc
                0x0000000080010564                setLightingRGB
                0x0000000080010b58                func_80010B58
                0x0000000080010cac                func_80010CAC
                0x0000000080010e70                func_80010E70
                0x0000000080010ec4                func_80010EC4
                0x00000000800110d0                VOID_FUN_UNK_setsSeveralBytesToZero
                0x0000000080011100                UNK_NightHighlight_Something
                0x0000000080011150                func_80011150
                0x0000000080011170                func_80011170
                0x00000000800111a4                func_800111A4
                0x00000000800111d8                func_800111D8
                0x00000000800111f8                func_800111F8
                0x0000000080011768                func_80011768
 build/src/shadow.c.o(.text)
 .text          0x0000000080011850      0x2f0 build/src/shadow.c.o
                0x0000000080011850                ResetShadowSomething
                0x0000000080011860                drawSomeShadow
                0x00000000800118d4                func_800118D4
 build/asm/12740.s.o(.text)
 .text          0x0000000080011b40     0x2d00 build/asm/12740.s.o
                0x0000000080011b40                initChestData
                0x0000000080011b70                loadTreasureChests
                0x0000000080011d28                func_80011D28
                0x0000000080011e78                func_80011E78
                0x000000008001205c                openChest
                0x00000000800120c0                printItemObtainedMsg
                0x0000000080012170                func_80012170
                0x00000000800121b0                setChestOpenedFlag
                0x00000000800121f0                reset_86aec_86af7
                0x0000000080012220                placeSpirits
                0x0000000080012358                PickUpSpirit
                0x000000008001249c                func_8001249C
                0x00000000800125f4                uncalled_FUN_800125f4
                0x0000000080012700                func_80012700
                0x0000000080012740                func_80012740
                0x0000000080012780                func_80012780
                0x0000000080012be0                func_80012BE0
                0x0000000080013008                camModeFollow
                0x0000000080013698                camModeStaticRotate
                0x0000000080013a14                func_80013A14
                0x0000000080013a20                func_80013A20
                0x0000000080013c80                func_80013C80
                0x0000000080013d30                EmptyCameraFunc
                0x0000000080013d3c                pointCameraAtTarget_UNCONFIRMED
                0x0000000080013de0                func_80013DE0
                0x0000000080013f20                func_80013F20
                0x0000000080013f5c                cameraZoomSomething
                0x00000000800140ec                cameraPosSomething
                0x00000000800143c0                func_800143C0
                0x0000000080014434                func_80014434
                0x000000008001459c                func_8001459C
                0x0000000080014720                func_80014720
 build/asm/15440.s.o(.text)
 .text          0x0000000080014840     0x3db0 build/asm/15440.s.o
                0x0000000080014840                func_80014840
                0x0000000080014890                func_80014890
                0x00000000800149d0                func_800149D0
                0x0000000080014a98                func_80014A98
                0x0000000080014e80                func_80014E80
                0x0000000080014ed4                func_80014ED4
                0x0000000080014f48                func_80014F48
                0x0000000080014fdc                func_80014FDC
                0x00000000800150c8                func_800150C8
                0x00000000800151d4                func_800151D4
                0x00000000800152e4                func_800152E4
                0x0000000080015370                func_80015370
                0x00000000800154ec                func_800154EC
                0x0000000080015630                func_80015630
                0x00000000800156d0                func_800156D0
                0x0000000080015b50                func_80015B50
                0x0000000080015b8c                func_80015B8C
                0x0000000080015fe8                func_80015FE8
                0x000000008001613c                func_8001613C
                0x00000000800163e8                func_800163E8
                0x00000000800164e4                func_800164E4
                0x0000000080016520                func_80016520
                0x00000000800165e4                func_800165E4
                0x000000008001679c                func_8001679C
                0x0000000080016940                func_80016940
                0x00000000800169c8                func_800169C8
                0x0000000080016a84                func_80016A84
                0x0000000080016b18                func_80016B18
                0x0000000080016bec                func_80016BEC
                0x0000000080016cb0                func_80016CB0
                0x0000000080016d60                func_80016D60
                0x0000000080016d98                func_80016D98
                0x0000000080016f88                func_80016F88
                0x0000000080016ffc                func_80016FFC
                0x000000008001700c                func_8001700C
                0x0000000080017094                func_80017094
                0x00000000800170dc                func_800170DC
                0x000000008001715c                func_8001715C
                0x00000000800171e4                func_800171E4
                0x00000000800172a0                func_800172A0
                0x000000008001737c                func_8001737C
                0x00000000800173e0                func_800173E0
                0x0000000080017428                func_80017428
                0x0000000080017470                func_80017470
                0x00000000800174b8                func_800174B8
                0x00000000800175b8                func_800175B8
                0x00000000800175d4                func_800175D4
                0x00000000800177f8                func_800177F8
                0x0000000080017998                func_80017998
                0x0000000080017bd4                func_80017BD4
                0x0000000080017d04                func_80017D04
                0x0000000080017fa0                func_80017FA0
                0x000000008001817c                func_8001817C
                0x0000000080018278                func_80018278
                0x000000008001829c                func_8001829C
                0x00000000800182c4                func_800182C4
                0x0000000080018318                func_80018318
                0x00000000800183c4                func_800183C4
                0x0000000080018484                func_80018484
                0x0000000080018524                func_80018524
 build/asm/191F0.s.o(.text)
 .text          0x00000000800185f0     0x2ae0 build/asm/191F0.s.o
                0x00000000800185f0                func_800185F0
                0x0000000080018638                func_80018638
                0x0000000080018684                func_80018684
                0x00000000800186b4                func_800186B4
                0x00000000800186f8                unk_walkingDustSomething
                0x00000000800187f8                func_800187F8
                0x00000000800188c4                func_800188C4
                0x0000000080018918                func_80018918
                0x0000000080018b14                func_80018B14
                0x0000000080018bf0                func_80018BF0
                0x0000000080018cf8                func_80018CF8
                0x0000000080018d34                func_80018D34
                0x0000000080018db4                func_80018DB4
                0x0000000080018df4                battleDamageSomething
                0x0000000080018f60                func_80018F60
                0x0000000080019324                func_80019324
                0x0000000080019354                func_80019354
                0x00000000800193b4                func_800193B4
                0x00000000800195e0                func_800195E0
                0x0000000080019738                func_80019738
                0x0000000080019918                func_80019918
                0x0000000080019a70                func_80019A70
                0x0000000080019a98                func_80019A98
                0x0000000080019ca4                updateBattleFenceState
                0x0000000080019ccc                drawBattleFence_and_something
                0x000000008001a238                func_8001A238
                0x000000008001a268                func_8001A268
                0x000000008001a398                func_8001A398
                0x000000008001a620                func_8001A620
                0x000000008001a834                func_8001A834
 build/asm/1BCD0.s.o(.text)
 .text          0x000000008001b0d0     0x1490 build/asm/1BCD0.s.o
                0x000000008001b0d0                func_8001B0D0
                0x000000008001b108                particlePosSomething
                0x000000008001b19c                func_8001B19C
                0x000000008001b448                func_8001B448
 build/asm/1D160.s.o(.text)
 .text          0x000000008001c560     0x1350 build/asm/1D160.s.o
                0x000000008001c560                func_8001C560
                0x000000008001c5f4                startBattleWithNormalEnemy
                0x000000008001c8c4                UNK_BossBattleInit
                0x000000008001cacc                battleCameraSomething
                0x000000008001cfe8                func_8001CFE8
                0x000000008001d358                func_8001D358
                0x000000008001d474                func_8001D474
                0x000000008001d538                func_8001D538
                0x000000008001d640                func_8001D640
                0x000000008001d820                func_8001D820
                0x000000008001d828                calculateDroppedItem
                0x000000008001d89c                func_8001D89C
 build/asm/1E4B0.s.o(.text)
 .text          0x000000008001d8b0      0x940 build/asm/1E4B0.s.o
                0x000000008001d8b0                updateAnim
                0x000000008001d924                func_8001D924
                0x000000008001db38                func_8001DB38
                0x000000008001dc78                func_8001DC78
                0x000000008001e0ac                animateBrian
                0x000000008001e138                func_8001E138
 build/src/1EDF0.c.o(.text)
 .text          0x000000008001e1f0     0x2f80 build/src/1EDF0.c.o
                0x000000008001e1f0                func_8001E1F0
                0x000000008001e25c                HUDSometing
                0x000000008001e7fc                func_8001E7FC
                0x000000008001ea84                func_8001EA84
                0x000000008001ebdc                func_8001EBDC
                0x000000008001ed5c                func_8001ED5C
                0x000000008001f3dc                func_8001F3DC
                0x000000008001f818                npcTalkBubbleSomething
                0x000000008001f900                func_8001F900
                0x000000008001f9b0                func_8001F9B0
                0x000000008001fa60                func_8001FA60
                0x000000008001fb94                func_8001FB94
                0x000000008001fcf8                func_8001FCF8
                0x000000008001feec                loadBattle_UNCONFIRMED
                0x00000000800202e4                unk_UsesBrianOREnemyPos
                0x00000000800203a8                func_800203A8
                0x00000000800203b0                func_800203B0
                0x00000000800203b8                func_800203B8
                0x00000000800203c0                func_800203C0
                0x00000000800203c8                func_800203C8
                0x00000000800203d0                func_800203D0
                0x0000000080020888                func_80020888
                0x00000000800208b8                func_800208B8
                0x0000000080020988                func_80020988
                0x0000000080020b4c                func_80020B4C
                0x0000000080020d18                countSpellNameCharacters
                0x0000000080020d4c                func_80020D4C
                0x0000000080020e24                func_80020E24
                0x0000000080020e2c                func_80020E2C
                0x0000000080020f8c                func_80020F8C
                0x00000000800210fc                func_800210FC
 build/src/inventory.c.o(.text)
 .text          0x0000000080021170     0x1770 build/src/inventory.c.o
                0x0000000080021170                initInventory
                0x0000000080021214                CheckIfLastInvSlotEmpty
                0x0000000080021240                func_80021240
                0x00000000800212a0                addItemToEmptySlot
                0x00000000800212e4                useItemIfAble
                0x00000000800213d8                func_800213D8
                0x0000000080021434                func_80021434
                0x0000000080021524                inventory
                0x000000008002224c                UseKeyItem
                0x0000000080022260                useHealingItem
                0x00000000800222b4                UNK_Wings
                0x0000000080022300                UNK_SpellItem
                0x000000008002233c                func_8002233C
                0x000000008002234c                func_8002234C
                0x0000000080022490                useWings
                0x000000008002260c                func_8002260C
                0x000000008002263c                drawItemMenu
 build/asm/screen_dim.s.o(.text)
 .text          0x00000000800228e0      0x260 build/asm/screen_dim.s.o
                0x00000000800228e0                initScreenDimStateAndTimer
                0x00000000800228f8                unk_dimsScreenWhenOpeningMenu
                0x0000000080022b08                dimScreen
 build/asm/23740.s.o(.text)
 .text          0x0000000080022b40      0x490 build/asm/23740.s.o
                0x0000000080022b40                UNK_AnimateNPC
                0x0000000080022f60                func_80022F60
 build/asm/srand.s.o(.text)
 .text          0x0000000080022fd0     0x1290 build/asm/srand.s.o
                0x0000000080022fd0                srand
                0x0000000080023028                func_80023028
                0x00000000800231b0                func_800231B0
                0x0000000080023210                func_80023210
                0x00000000800232f4                func_800232F4
                0x0000000080023360                rotatingModelsSomething
                0x0000000080023500                func_80023500
                0x0000000080023570                func_80023570
                0x00000000800236cc                func_800236CC
                0x000000008002371c                func_8002371C
                0x000000008002387c                func_8002387C
                0x00000000800238e4                func_800238E4
                0x0000000080023974                func_80023974
                0x0000000080023a08                func_80023A08
                0x0000000080023bcc                func_80023BCC
                0x0000000080023c1c                func_80023C1C
                0x0000000080023df4                func_80023DF4
                0x0000000080023e80                func_80023E80
                0x000000008002413c                func_8002413C
 build/asm/24E60.s.o(.text)
 .text          0x0000000080024260      0x430 build/asm/24E60.s.o
                0x0000000080024260                loadData
                0x0000000080024330                func_80024330
 build/src/25290.c.o(.text)
 .text          0x0000000080024690     0x1f60 build/src/25290.c.o
                0x0000000080024690                func_80024690
                0x0000000080024704                alUNKNOWN
                0x00000000800248c8                func_800248C8
                0x0000000080024a48                func_80024A48
                0x0000000080024b1c                func_80024B1C
                0x0000000080024bec                func_80024BEC
                0x0000000080025040                func_80025040
                0x00000000800250e8                func_800250E8
                0x000000008002513c                func_8002513C
                0x00000000800252d8                func_800252D8
                0x0000000080025364                func_80025364
                0x00000000800253f0                func_800253F0
                0x000000008002543c                func_8002543C
                0x0000000080025488                func_80025488
                0x0000000080025634                func_80025634
                0x000000008002568c                func_8002568C
                0x00000000800256d4                func_800256D4
                0x000000008002571c                func_8002571C
                0x00000000800258f8                loadSoundEffect
                0x0000000080025938                func_80025938
                0x0000000080025984                func_80025984
                0x0000000080025b3c                func_80025B3C
                0x0000000080025b8c                func_80025B8C
                0x0000000080025bd8                soundEffectSomething
                0x0000000080025e0c                func_80025E0C
                0x0000000080026214                func_80026214
                0x00000000800262f4                func_800262F4
                0x00000000800263a8                func_800263A8
                0x0000000080026434                func_80026434
                0x0000000080026488                func_80026488
                0x000000008002650c                func_8002650C
                0x0000000080026554                func_80026554
 build/asm/271F0.s.o(.text)
 .text          0x00000000800265f0      0x450 build/asm/271F0.s.o
                0x00000000800265f0                initBGM
                0x0000000080026658                startBGM
                0x00000000800267b8                updateBGM
                0x00000000800267f8                PlayVictoryTheme
                0x000000008002684c                updateBGM_mapTransition
                0x00000000800268d4                func_800268D4
                0x000000008002699c                func_8002699C
                0x0000000080026a04                setBGMVolume
 build/src/27640.c.o(.text)
 .text          0x0000000080026a40     0x4ad0 build/src/27640.c.o
                0x0000000080026a40                func_80026A40
                0x0000000080026a7c                openPauseMenu
                0x0000000080026d1c                func_80026D1C
                0x0000000080026f34                Pause_Status
                0x00000000800278b0                Pause_Environment
                0x0000000080028624                Pause_Map
                0x0000000080029448                Pause_Elements
                0x0000000080029b58                drawMenues
                0x000000008002a0b8                func_8002A0B8
                0x000000008002a668                pauseMenuGfxSomething
                0x000000008002ab64                func_8002AB64
                0x000000008002af70                func_8002AF70
                0x000000008002b364                func_8002B364
 build/asm/2C110.s.o(.text)
 .text          0x000000008002b510     0x30d0 build/asm/2C110.s.o
                0x000000008002b510                showPauseOrInnMenu
                0x000000008002b57c                func_8002B57C
                0x000000008002b6f0                func_8002B6F0
                0x000000008002b8c4                func_8002B8C4
                0x000000008002bca0                func_8002BCA0
                0x000000008002c818                func_8002C818
                0x000000008002d5d4                func_8002D5D4
                0x000000008002d614                func_8002D614
                0x000000008002d748                func_8002D748
                0x000000008002d8bc                beginSaveGame
                0x000000008002dbe0                func_8002DBE0
                0x000000008002dd18                controllerFunc1
                0x000000008002df6c                func_8002DF6C
                0x000000008002dfd0                drawSaveLoadMenu
                0x000000008002e234                createSaveFile
                0x000000008002e404                loadSave
 build/asm/2F1E0.s.o(.text)
 .text          0x000000008002e5e0     0x2830 build/asm/2F1E0.s.o
                0x000000008002e5e0                func_8002E5E0
                0x000000008002e628                func_8002E628
                0x000000008002e768                printMsg
                0x000000008002eaa0                func_8002EAA0
                0x000000008002fb30                func_8002FB30
                0x000000008002fd90                func_8002FD90
                0x000000008002fea4                func_8002FEA4
                0x0000000080030068                func_80030068
                0x00000000800303e8                func_800303E8
                0x0000000080030668                func_80030668
                0x0000000080030754                func_80030754
                0x00000000800307d8                func_800307D8
                0x0000000080030bf0                func_80030BF0
                0x0000000080030d70                func_80030D70
                0x0000000080030d80                func_80030D80
 build/asm/31A10.s.o(.text)
 .text          0x0000000080030e10      0x4f0 build/asm/31A10.s.o
                0x0000000080030e10                func_80030E10
                0x0000000080030e58                loadTextRes
                0x0000000080030ea0                func_80030EA0
 build/asm/31F00.s.o(.text)
 .text          0x0000000080031300      0x940 build/asm/31F00.s.o
                0x0000000080031300                func_80031300
                0x00000000800314c0                controllerButtonsSomething
                0x0000000080031574                func_80031574
                0x0000000080031800                func_80031800
                0x0000000080031890                func_80031890
                0x000000008003195c                func_8003195C
                0x00000000800319e0                func_800319E0
                0x0000000080031a44                func_80031A44
                0x0000000080031acc                func_80031ACC
                0x0000000080031bb0                func_80031BB0
                0x0000000080031c0c                func_80031C0C
 build/asm/32840.s.o(.text)
 .text          0x0000000080031c40       0xb0 build/asm/32840.s.o
                0x0000000080031c40                loadTitleScreenData
                0x0000000080031c78                loadCredits_and_StoryData
                0x0000000080031cb0                loadCreditsData
 build/asm/328F0.s.o(.text)
 .text          0x0000000080031cf0     0x1b60 build/asm/328F0.s.o
                0x0000000080031cf0                func_80031CF0
                0x0000000080031dd4                func_80031DD4
                0x0000000080031f1c                func_80031F1C
                0x0000000080031f74                func_80031F74
                0x0000000080031fbc                func_80031FBC
                0x0000000080032020                func_80032020
                0x0000000080032040                func_80032040
                0x0000000080032218                func_80032218
                0x000000008003228c                func_8003228C
                0x000000008003232c                func_8003232C
                0x0000000080032560                func_80032560
                0x00000000800325a8                func_800325A8
                0x00000000800325fc                func_800325FC
                0x000000008003265c                func_8003265C
                0x0000000080032704                func_80032704
 build/asm/initialize.s.o(.text)
 .text          0x0000000080033850      0x290 build/asm/initialize.s.o
                0x0000000080033850                osInitialize
 build/asm/createthread.s.o(.text)
 .text          0x0000000080033ae0      0x150 build/asm/createthread.s.o
                0x0000000080033ae0                osCreateThread
 build/asm/startthread.s.o(.text)
 .text          0x0000000080033c30      0x150 build/asm/startthread.s.o
                0x0000000080033c30                osStartThread
 build/asm/pimgr.s.o(.text)
 .text          0x0000000080033d80      0x190 build/asm/pimgr.s.o
                0x0000000080033d80                osCreatePiManager
 build/asm/createmesgqueue.s.o(.text)
 .text          0x0000000080033f10       0x30 build/asm/createmesgqueue.s.o
                0x0000000080033f10                osCreateMesgQueue
 build/asm/visetevent.s.o(.text)
 .text          0x0000000080033f40       0x70 build/asm/visetevent.s.o
                0x0000000080033f40                osViSetEvent
 build/asm/seteventmesg.s.o(.text)
 .text          0x0000000080033fb0       0x70 build/asm/seteventmesg.s.o
                0x0000000080033fb0                osSetEventMesg
 build/asm/recvmesg.s.o(.text)
 .text          0x0000000080034020      0x140 build/asm/recvmesg.s.o
                0x0000000080034020                osRecvMesg
 build/asm/setintmask.s.o(.text)
 .text          0x0000000080034160       0xa0 build/asm/setintmask.s.o
                0x0000000080034160                osSetIntMask
 build/asm/sendmesg.s.o(.text)
 .text          0x0000000080034200      0x150 build/asm/sendmesg.s.o
                0x0000000080034200                osSendMesg
 build/asm/writebackdcacheall.s.o(.text)
 .text          0x0000000080034350       0x30 build/asm/writebackdcacheall.s.o
                0x0000000080034350                osWritebackDCacheAll
 build/asm/sptaskyield.s.o(.text)
 .text          0x0000000080034380       0x20 build/asm/sptaskyield.s.o
                0x0000000080034380                osSpTaskYield
 build/asm/sptaskyielded.s.o(.text)
 .text          0x00000000800343a0       0x80 build/asm/sptaskyielded.s.o
                0x00000000800343a0                osSpTaskYielded
 build/asm/sptask.s.o(.text)
 .text          0x0000000080034420      0x2c0 build/asm/sptask.s.o
                0x0000000080034420                _VirtualToPhysicalTask
                0x000000008003452c                osSpTaskLoad
                0x0000000080034694                osSpTaskStartGo
 build/asm/virepeatline.s.o(.text)
 .text          0x00000000800346e0       0x70 build/asm/virepeatline.s.o
                0x00000000800346e0                osViRepeatLine
 build/asm/viswapbuf.s.o(.text)
 .text          0x0000000080034750       0x50 build/asm/viswapbuf.s.o
                0x0000000080034750                osViSwapBuffer
 build/asm/vigetcurrframebuf.s.o(.text)
 .text          0x00000000800347a0       0xa0 build/asm/vigetcurrframebuf.s.o
                0x00000000800347a0                osViGetCurrentFramebuffer
 build/asm/vimgr.s.o(.text)
 .text          0x0000000080034840      0x360 build/asm/vimgr.s.o
                0x0000000080034840                osCreateViManager
                0x00000000800349c8                viMgrMain
 build/asm/visetmode.s.o(.text)
 .text          0x0000000080034ba0       0x70 build/asm/visetmode.s.o
                0x0000000080034ba0                osViSetMode
 build/asm/visetspecial.s.o(.text)
 .text          0x0000000080034c10      0x1c0 build/asm/visetspecial.s.o
                0x0000000080034c10                osViSetSpecialFeatures
 build/asm/virtualtophysical.s.o(.text)
 .text          0x0000000080034dd0       0x80 build/asm/virtualtophysical.s.o
                0x0000000080034dd0                osVirtualToPhysical
 build/asm/writebackdcache.s.o(.text)
 .text          0x0000000080034e50       0x80 build/asm/writebackdcache.s.o
                0x0000000080034e50                osWritebackDCache
 build/asm/gettime.s.o(.text)
 .text          0x0000000080034ed0       0x90 build/asm/gettime.s.o
                0x0000000080034ed0                osGetTime
 build/asm/sqrtf.s.o(.text)
 .text          0x0000000080034f60       0x10 build/asm/sqrtf.s.o
                0x0000000080034f60                _nsqrtf
 build/asm/position.s.o(.text)
 .text          0x0000000080034f70      0x220 build/asm/position.s.o
                0x0000000080034f70                guPositionF
                0x0000000080035120                guPosition
 build/asm/sins.s.o(.text)
 .text          0x0000000080035190       0x70 build/asm/sins.s.o
                0x0000000080035190                sins
 build/asm/mtxutil.s.o(.text)
 .text          0x0000000080035200      0x270 build/asm/mtxutil.s.o
                0x0000000080035200                guMtxF2L
                0x0000000080035300                guMtxIdentF
                0x0000000080035388                guMtxIdent
                0x00000000800353b8                guMtxL2F
 build/asm/mtxcatf.s.o(.text)
 .text          0x0000000080035470      0x210 build/asm/mtxcatf.s.o
                0x0000000080035470                guMtxXFMF
                0x0000000080035510                guMtxCatF
 build/asm/sinf.s.o(.text)
 .text          0x0000000080035680      0x1c0 build/asm/sinf.s.o
                0x0000000080035680                sinf
 build/asm/ortho.s.o(.text)
 .text          0x0000000080035840      0x1c0 build/asm/ortho.s.o
                0x0000000080035840                guOrthoF
                0x0000000080035994                guOrtho
 build/asm/perspective.s.o(.text)
 .text          0x0000000080035a00      0x290 build/asm/perspective.s.o
                0x0000000080035a00                guPerspectiveF
                0x0000000080035c30                guPerspective
 build/asm/lookatref.s.o(.text)
 .text          0x0000000080035c90      0x4c0 build/asm/lookatref.s.o
                0x0000000080035c90                guLookAtReflectF
                0x00000000800360d0                guLookAtReflect
 build/asm/translate.s.o(.text)
 .text          0x0000000080036150       0xa0 build/asm/translate.s.o
                0x0000000080036150                guTranslateF
                0x0000000080036198                guTranslate
 build/asm/cosf.s.o(.text)
 .text          0x00000000800361f0      0x170 build/asm/cosf.s.o
                0x00000000800361f0                cosf
 build/asm/sprintf.s.o(.text)
 .text          0x0000000080036360       0x80 build/asm/sprintf.s.o
                0x0000000080036360                proutSprintf
                0x0000000080036384                sprintf
 build/asm/invalicache.s.o(.text)
 .text          0x00000000800363e0       0x80 build/asm/invalicache.s.o
                0x00000000800363e0                osInvalICache
 build/asm/invaldcache.s.o(.text)
 .text          0x0000000080036460       0xb0 build/asm/invaldcache.s.o
                0x0000000080036460                osInvalDCache
 build/asm/pidma.s.o(.text)
 .text          0x0000000080036510      0x110 build/asm/pidma.s.o
                0x0000000080036510                osPiStartDma
 build/asm/heapinit.s.o(.text)
 .text          0x0000000080036620       0x40 build/asm/heapinit.s.o
                0x0000000080036620                alHeapInit
 build/asm/heapalloc.s.o(.text)
 .text          0x0000000080036660       0x60 build/asm/heapalloc.s.o
                0x0000000080036660                alHeapDBAlloc
 build/asm/aisetfreq.s.o(.text)
 .text          0x00000000800366c0      0x220 build/asm/aisetfreq.s.o
                0x00000000800366c0                osAiSetFrequency
                0x0000000080036820                alUnlink
                0x0000000080036850                alLink
                0x0000000080036874                alClose
                0x00000000800368ac                alInit
 build/asm/seqpsetvol.s.o(.text)
 .text          0x00000000800368e0       0x40 build/asm/seqpsetvol.s.o
                0x00000000800368e0                alSeqpSetVol
 build/asm/synthesizer.s.o(.text)
 .text          0x0000000080036920      0x6e0 build/asm/synthesizer.s.o
                0x0000000080036920                func_80036920
                0x0000000080036928                _timeToSamplesNoRound
                0x0000000080036980                _freePVoice
                0x00000000800369b8                _collectPVoices
                0x0000000080036a18                __freeParam
                0x0000000080036a30                __allocParam
                0x0000000080036a60                func_80036A60
                0x0000000080036a68                alAudioFrame
                0x0000000080036d00                alSynNew
 build/asm/aigetlen.s.o(.text)
 .text          0x0000000080037000       0x10 build/asm/aigetlen.s.o
                0x0000000080037000                osAiGetLength
 build/asm/aisetnextbuf.s.o(.text)
 .text          0x0000000080037010       0xb0 build/asm/aisetnextbuf.s.o
                0x0000000080037010                osAiSetNextBuffer
 build/asm/n_alseqpgetvol.s.o(.text)
 .text          0x00000000800370c0       0x10 build/asm/n_alseqpgetvol.s.o
                0x00000000800370c0                n_alSeqpGetVol
 build/asm/csplayer.s.o(.text)
 .text          0x00000000800370d0     0x1230 build/asm/csplayer.s.o
                0x00000000800370d0                __CSPPostNextSeqEvent
                0x0000000080037140                func_80037140
                0x0000000080037174                func_80037174
                0x000000008003717c                func_8003717C
                0x000000008003734c                func_8003734C
                0x0000000080037b74                func_80037B74
                0x0000000080037b7c                func_80037B7C
                0x0000000080038190                alCSPNew
 build/asm/bnkf.s.o(.text)
 .text          0x0000000080038300      0x250 build/asm/bnkf.s.o
                0x0000000080038300                func_80038300
                0x0000000080038308                func_80038308
                0x0000000080038310                func_80038310
                0x00000000800383fc                func_800383FC
                0x0000000080038404                alBnkfNew
                0x0000000080038508                alSeqFileNew
 build/asm/seqpsetbank.s.o(.text)
 .text          0x0000000080038550       0x40 build/asm/seqpsetbank.s.o
                0x0000000080038550                alSeqpSetBank
 build/asm/cseq.s.o(.text)
 .text          0x0000000080038590      0xac0 build/asm/cseq.s.o
                0x0000000080038590                alCSeqGetLoc
                0x0000000080038630                alCSeqSetLoc
                0x00000000800386d0                __getTrackByte
                0x0000000080038794                __readVarLen
                0x00000000800387ec                func_800387EC
                0x00000000800387f4                alCSeqNextEvent
                0x0000000080038aec                alCSeqNew
                0x0000000080038c00                alCSeqNewMarker
                0x0000000080038d6c                alCSeqGetTicks
                0x0000000080038d74                alCSeqSecToTicks
                0x0000000080038e70                alCSeqTicksToSec
                0x0000000080038edc                __alCSeqNextDelta
 build/asm/cspsetseq.s.o(.text)
 .text          0x0000000080039050       0x40 build/asm/cspsetseq.s.o
                0x0000000080039050                alCSPSetSeq
 build/asm/seqpplay.s.o(.text)
 .text          0x0000000080039090       0x30 build/asm/seqpplay.s.o
                0x0000000080039090                alSeqpPlay
 build/asm/seqpstop.s.o(.text)
 .text          0x00000000800390c0       0x30 build/asm/seqpstop.s.o
                0x00000000800390c0                alSeqpStop
 build/asm/seqpgetstate.s.o(.text)
 .text          0x00000000800390f0       0x10 build/asm/seqpgetstate.s.o
                0x00000000800390f0                alSeqpGetState
 build/asm/sndplayer.s.o(.text)
 .text          0x0000000080039100      0x710 build/asm/sndplayer.s.o
                0x0000000080039100                _removeEvents
                0x000000008003917c                func_8003917C
                0x0000000080039184                func_80039184
                0x000000008003918c                _handleEvent
                0x00000000800396d4                alSndpNew
 build/asm/sndpallocate.s.o(.text)
 .text          0x0000000080039810       0xa0 build/asm/sndpallocate.s.o
                0x0000000080039810                alSndpAllocate
 build/asm/sndpsetsound.s.o(.text)
 .text          0x00000000800398b0       0x20 build/asm/sndpsetsound.s.o
                0x00000000800398b0                alSndpSetSound
 build/asm/sndpgetstate.s.o(.text)
 .text          0x00000000800398d0       0x20 build/asm/sndpgetstate.s.o
                0x00000000800398d0                alSndpGetState
 build/asm/sndplay.s.o(.text)
 .text          0x00000000800398f0       0x70 build/asm/sndplay.s.o
                0x00000000800398f0                alSndpPlay
 build/asm/sndpstop.s.o(.text)
 .text          0x0000000080039960       0x50 build/asm/sndpstop.s.o
                0x0000000080039960                alSndpStop
 build/asm/sndpsetpitch.s.o(.text)
 .text          0x00000000800399b0       0x60 build/asm/sndpsetpitch.s.o
                0x00000000800399b0                alSndpSetPitch
 build/asm/sndpsetvol.s.o(.text)
 .text          0x0000000080039a10       0x60 build/asm/sndpsetvol.s.o
                0x0000000080039a10                alSndpSetVol
 build/asm/sndpsetpan.s.o(.text)
 .text          0x0000000080039a70       0x60 build/asm/sndpsetpan.s.o
                0x0000000080039a70                alSndpSetPan
 build/asm/ll.s.o(.text)
 .text          0x0000000080039ad0      0x2c0 build/asm/ll.s.o
                0x0000000080039ad0                func_80039AD0
                0x0000000080039afc                func_80039AFC
                0x0000000080039b38                func_80039B38
                0x0000000080039b74                func_80039B74
                0x0000000080039ba0                func_80039BA0
                0x0000000080039bdc                func_80039BDC
                0x0000000080039c38                func_80039C38
                0x0000000080039c68                func_80039C68
                0x0000000080039cc8                func_80039CC8
                0x0000000080039d64                func_80039D64
 build/asm/pfsinitpak.s.o(.text)
 .text          0x0000000080039d90      0x270 build/asm/pfsinitpak.s.o
                0x0000000080039d90                osPfsInitPak
 build/asm/motor.s.o(.text)
 .text          0x000000008003a000      0x7a0 build/asm/motor.s.o
                0x000000008003a000                osMotorStop
                0x000000008003a1a0                osMotorStart
                0x000000008003a340                _MakeMotorData
                0x000000008003a4bc                osMotorInit
 build/asm/deletedfuncs.s.o(.text)
 .text          0x000000008003a7a0       0x40 build/asm/deletedfuncs.s.o
                0x000000008003a7a0                VOID_EMPTY_FUNC2
                0x000000008003a7bc                emptyDEBUGprintPfsErrorData
 build/asm/controller.s.o(.text)
 .text          0x000000008003a7e0      0x3c0 build/asm/controller.s.o
                0x000000008003a7e0                osContInit
                0x000000008003a9d8                __osContGetInitData
                0x000000008003aaa8                __osPackRequestData
 build/asm/contsetch.s.o(.text)
 .text          0x000000008003aba0       0x70 build/asm/contsetch.s.o
                0x000000008003aba0                osContSetCh
 build/asm/contreaddata.s.o(.text)
 .text          0x000000008003ac10      0x220 build/asm/contreaddata.s.o
                0x000000008003ac10                osContStartReadData
                0x000000008003ac9c                osContGetReadData
                0x000000008003ad44                __osPackReadData
 build/asm/pfsfilestate.s.o(.text)
 .text          0x000000008003ae30      0x2f0 build/asm/pfsfilestate.s.o
                0x000000008003ae30                osPfsFileState
 build/asm/pfsfreeblocks.s.o(.text)
 .text          0x000000008003b120      0x150 build/asm/pfsfreeblocks.s.o
                0x000000008003b120                osPfsFreeBlocks
 build/asm/pfsallocatefile.s.o(.text)
 .text          0x000000008003b270      0x7b0 build/asm/pfsallocatefile.s.o
                0x000000008003b270                osPfsAllocateFile
                0x000000008003b6f4                __osPfsDeclearPage
                0x000000008003b958                __osClearPage
 build/asm/pfsdeletefile.s.o(.text)
 .text          0x000000008003ba20      0x610 build/asm/pfsdeletefile.s.o
                0x000000008003ba20                osPfsDeleteFile
                0x000000008003bd00                __osPfsReleasePages
                0x000000008003bf38                __osBlockSum
 build/asm/pfsreadwritefile.s.o(.text)
 .text          0x000000008003c030      0x500 build/asm/pfsreadwritefile.s.o
                0x000000008003c030                __osPfsGetNextPage
                0x000000008003c12c                osPfsReadWriteFile
 build/asm/__osGetId.s.o(.text)
 .text          0x000000008003c530      0x260 build/asm/__osGetId.s.o
                0x000000008003c530                func_8003C530
 build/asm/pfsnumfiles.s.o(.text)
 .text          0x000000008003c790      0x150 build/asm/pfsnumfiles.s.o
                0x000000008003c790                osPfsNumFiles
 build/asm/contquery.s.o(.text)
 .text          0x000000008003c8e0       0xb0 build/asm/contquery.s.o
                0x000000008003c8e0                osContStartQuery
                0x000000008003c964                osContGetQuery
 build/asm/setsr.s.o(.text)
 .text          0x000000008003c990       0x10 build/asm/setsr.s.o
                0x000000008003c990                __osSetSR
 build/asm/getsr.s.o(.text)
 .text          0x000000008003c9a0       0x10 build/asm/getsr.s.o
                0x000000008003c9a0                __osGetSR
 build/asm/setfpccsr.s.o(.text)
 .text          0x000000008003c9b0       0x10 build/asm/setfpccsr.s.o
                0x000000008003c9b0                __osSetFpcCsr
 build/asm/sprawread.s.o(.text)
 .text          0x000000008003c9c0       0x50 build/asm/sprawread.s.o
                0x000000008003c9c0                __osSpRawReadIo
 build/asm/sprawwrite.s.o(.text)
 .text          0x000000008003ca10       0x50 build/asm/sprawwrite.s.o
                0x000000008003ca10                __osSpRawWriteIo
 build/asm/exceptasm.s.o(.text)
 .text          0x000000008003ca60      0x910 build/asm/exceptasm.s.o
                0x000000008003ca60                func_8003CA60
                0x000000008003ca70                func_8003CA70
                0x000000008003cfa4                send_mesg
                0x000000008003d08c                __osEnqueueAndYield
                0x000000008003d18c                __osEnqueueThread
                0x000000008003d1d4                __osPopThread
                0x000000008003d1e4                __osDispatchThread
 build/asm/maptlbrdb.s.o(.text)
 .text          0x000000008003d370       0x60 build/asm/maptlbrdb.s.o
                0x000000008003d370                osMapTLBRdb
 build/asm/pirawread.s.o(.text)
 .text          0x000000008003d3d0       0x60 build/asm/pirawread.s.o
                0x000000008003d3d0                osPiRawReadIo
 build/asm/bzero.s.o(.text)
 .text          0x000000008003d430       0xa0 build/asm/bzero.s.o
                0x000000008003d430                bzero
 build/asm/interrupt.s.o(.text)
 .text          0x000000008003d4d0       0x40 build/asm/interrupt.s.o
                0x000000008003d4d0                __osDisableInt
                0x000000008003d4f0                __osRestoreInt
 build/asm/thread.s.o(.text)
 .text          0x000000008003d510       0x40 build/asm/thread.s.o
                0x000000008003d510                __osDequeueThread
 build/asm/cartrominit.s.o(.text)
 .text          0x000000008003d550      0x100 build/asm/cartrominit.s.o
                0x000000008003d550                osCartRomInit
 build/asm/leodiskinit.s.o(.text)
 .text          0x000000008003d650      0x100 build/asm/leodiskinit.s.o
                0x000000008003d650                osLeoDiskInit
 build/asm/siacsDuplicate.s.o(.text)
 .text          0x000000008003d750       0xc0 build/asm/siacsDuplicate.s.o
                0x000000008003d750                func_8003D750
                0x000000008003d7a0                __osSiGetAccess_8003d7a0
                0x000000008003d7e4                __osSiRelAccess_8003d7e4
 build/asm/getthreadpri.s.o(.text)
 .text          0x000000008003d810       0x20 build/asm/getthreadpri.s.o
                0x000000008003d810                osGetThreadPri
 build/asm/setthreadpri.s.o(.text)
 .text          0x000000008003d830       0xe0 build/asm/setthreadpri.s.o
                0x000000008003d830                osSetThreadPri
 build/asm/pirawdma.s.o(.text)
 .text          0x000000008003d910       0xe0 build/asm/pirawdma.s.o
                0x000000008003d910                osPiRawStartDma
 build/asm/epiramdma.s.o(.text)
 .text          0x000000008003d9f0      0x230 build/asm/epiramdma.s.o
                0x000000008003d9f0                osEPiRawStartDma
 build/asm/devmgr.s.o(.text)
 .text          0x000000008003dc20      0x490 build/asm/devmgr.s.o
                0x000000008003dc20                __osDevMgrMain
 build/asm/vi.s.o(.text)
 .text          0x000000008003e0b0      0x140 build/asm/vi.s.o
                0x000000008003e0b0                __osViInit
 build/asm/spsetstat.s.o(.text)
 .text          0x000000008003e1f0       0x10 build/asm/spsetstat.s.o
                0x000000008003e1f0                __osSpSetStatus
 build/asm/spgetstat.s.o(.text)
 .text          0x000000008003e200       0x10 build/asm/spgetstat.s.o
                0x000000008003e200                __osSpGetStatus
 build/asm/bcopy.s.o(.text)
 .text          0x000000008003e210      0x310 build/asm/bcopy.s.o
                0x000000008003e210                bcopy
 build/asm/spsetpc.s.o(.text)
 .text          0x000000008003e520       0x40 build/asm/spsetpc.s.o
                0x000000008003e520                __osSpSetPc
 build/asm/sprawdma.s.o(.text)
 .text          0x000000008003e560       0x90 build/asm/sprawdma.s.o
                0x000000008003e560                __osSpRawStartDma
 build/asm/sp.s.o(.text)
 .text          0x000000008003e5f0       0x30 build/asm/sp.s.o
                0x000000008003e5f0                __osSpDeviceBusy
 build/asm/timerintr.s.o(.text)
 .text          0x000000008003e620      0x400 build/asm/timerintr.s.o
                0x000000008003e620                __osTimerServicesInit
                0x000000008003e6ac                __osTimerInterrupt
                0x000000008003e824                __osSetTimerIntr
                0x000000008003e898                __osInsertTimer
 build/asm/vigetcurrcontext.s.o(.text)
 .text          0x000000008003ea20       0x10 build/asm/vigetcurrcontext.s.o
                0x000000008003ea20                __osViGetCurrentContext
 build/asm/viswapcontext.s.o(.text)
 .text          0x000000008003ea30      0x360 build/asm/viswapcontext.s.o
                0x000000008003ea30                __osViSwapContext
 build/asm/getcount.s.o(.text)
 .text          0x000000008003ed90       0x10 build/asm/getcount.s.o
                0x000000008003ed90                osGetCount
 build/asm/probetlb.s.o(.text)
 .text          0x000000008003eda0       0xc0 build/asm/probetlb.s.o
                0x000000008003eda0                __osProbeTLB
 build/asm/xprintf.s.o(.text)
 .text          0x000000008003ee60      0xcc0 build/asm/xprintf.s.o
                0x000000008003ee60                _Putfld
                0x000000008003f4d0                _Printf
 build/asm/string.s.o(.text)
 .text          0x000000008003fb20       0xa0 build/asm/string.s.o
                0x000000008003fb20                memcpy
                0x000000008003fb4c                strlen
                0x000000008003fb74                strchr
 build/asm/jammesg.s.o(.text)
 .text          0x000000008003fbc0      0x180 build/asm/jammesg.s.o
                0x000000008003fbc0                osJamMesg
                0x000000008003fd10                osPiGetCmdQueue
 build/asm/syndelete.s.o(.text)
 .text          0x000000008003fd40       0x10 build/asm/syndelete.s.o
                0x000000008003fd40                alSynDelete
 build/asm/event.s.o(.text)
 .text          0x000000008003fd50      0x340 build/asm/event.s.o
                0x000000008003fd50                alEvtqFlushType
                0x000000008003fdfc                alEvtqFlush
                0x000000008003fe6c                alEvtqPostEvent
                0x000000008003ff90                alEvtqNextEvent
                0x000000008004001c                alEvtqNew
 build/asm/drvrNew.s.o(.text)
 .text          0x0000000080040090      0x7a0 build/asm/drvrNew.s.o
                0x0000000080040090                alSaveNew
                0x00000000800400d4                alMainBusNew
                0x0000000080040128                alAuxBusNew
                0x000000008004017c                alResampleNew
                0x0000000080040204                alLoadNew
                0x00000000800402ac                alEnvmixerNew
                0x0000000080040350                init_lpfilter
                0x00000000800403f0                alFxNew
 build/asm/synallocfx.s.o(.text)
 .text          0x0000000080040830       0xa0 build/asm/synallocfx.s.o
                0x0000000080040830                alSynAllocFX
 build/asm/mainbus.s.o(.text)
 .text          0x00000000800408d0      0x150 build/asm/mainbus.s.o
                0x00000000800408d0                alMainBusParam
                0x0000000080040900                alMainBusPull
 build/asm/load.s.o(.text)
 .text          0x0000000080040a20      0xb50 build/asm/load.s.o
                0x0000000080040a20                alLoadParam
                0x0000000080040bf4                alRaw16Pull
                0x0000000080040fa0                _decodeChunk
                0x00000000800410cc                alAdpcmPull
 build/asm/resample.s.o(.text)
 .text          0x0000000080041570      0x300 build/asm/resample.s.o
                0x0000000080041570                alResampleParam
                0x000000008004165c                alResamplePull
 build/asm/env.s.o(.text)
 .text          0x0000000080041870      0xc60 build/asm/env.s.o
                0x0000000080041870                _ldexpf
                0x0000000080041898                _frexpf
                0x0000000080041984                alEnvmixerParam
                0x0000000080041a64                _getRate
                0x0000000080041c34                _pullSubFrame
                0x0000000080041ecc                _getVol
                0x0000000080041f7c                alEnvmixerPull
 build/asm/auxbus.s.o(.text)
 .text          0x00000000800424d0      0x110 build/asm/auxbus.s.o
                0x00000000800424d0                alAuxBusParam
                0x0000000080042500                alAuxBusPull
 build/asm/save.s.o(.text)
 .text          0x00000000800425e0       0xc0 build/asm/save.s.o
                0x00000000800425e0                alSaveParam
                0x0000000080042614                alSavePull
 build/asm/ai.s.o(.text)
 .text          0x00000000800426a0       0x30 build/asm/ai.s.o
                0x00000000800426a0                __osAiDeviceBusy
 build/asm/seqplayer.s.o(.text)
 .text          0x00000000800426d0     0x1940 build/asm/seqplayer.s.o
                0x00000000800426d0                __setInstChanState
                0x0000000080042724                __resetPerfChanState
                0x00000000800427a4                __initFromBank
                0x0000000080042858                func_80042858
                0x0000000080042860                __vsDelta
                0x0000000080042884                __vsVol
                0x000000008004290c                __seqpReleaseVoice
                0x0000000080042a38                __voiceNeedsNoteKill
                0x0000000080042ae0                __unmapVoice
                0x0000000080042b50                __postNextSeqEvent
                0x0000000080042c2c                __handleMetaMsg
                0x0000000080042ca4                __vsPan
                0x0000000080042cec                __lookupVoice
                0x0000000080042d60                __mapVoice
                0x0000000080042dd0                __lookupSoundQuick
                0x0000000080042ecc                __handleMIDIMsg
                0x00000000800436e4                func_800436E4
                0x00000000800436ec                __handleNextSeqEvent
                0x0000000080043d10                __seqpStopOsc
                0x0000000080043e14                __initChanState
                0x0000000080043e84                alSeqpNew
 build/asm/synaddplayer.s.o(.text)
 .text          0x0000000080044010       0x50 build/asm/synaddplayer.s.o
                0x0000000080044010                alSynAddPlayer
 build/asm/synstopvoice.s.o(.text)
 .text          0x0000000080044060       0x80 build/asm/synstopvoice.s.o
                0x0000000080044060                alSynStopVoice
 build/asm/synfreevoice.s.o(.text)
 .text          0x00000000800440e0       0xb0 build/asm/synfreevoice.s.o
                0x00000000800440e0                alSynFreeVoice
 build/asm/synsetvol.s.o(.text)
 .text          0x0000000080044190       0xa0 build/asm/synsetvol.s.o
                0x0000000080044190                alSynSetVol
 build/asm/synsetpitch.s.o(.text)
 .text          0x0000000080044230       0x90 build/asm/synsetpitch.s.o
                0x0000000080044230                alSynSetPitch
 build/asm/synallocvoice.s.o(.text)
 .text          0x00000000800442c0      0x230 build/asm/synallocvoice.s.o
                0x00000000800442c0                _allocatePVoice
                0x00000000800443a8                alSynAllocVoice
 build/asm/cents2ratio.s.o(.text)
 .text          0x00000000800444f0       0x50 build/asm/cents2ratio.s.o
                0x00000000800444f0                alCents2Ratio
 build/asm/synstartvoiceparam.s.o(.text)
 .text          0x0000000080044540       0xf0 build/asm/synstartvoiceparam.s.o
                0x0000000080044540                alSynStartVoiceParams
 build/asm/synsetpan.s.o(.text)
 .text          0x0000000080044630       0x90 build/asm/synsetpan.s.o
                0x0000000080044630                alSynSetPan
 build/asm/synsetfxmix.s.o(.text)
 .text          0x00000000800446c0       0xa0 build/asm/synsetfxmix.s.o
                0x00000000800446c0                alSynSetFXMix
 build/asm/synstartvoice.s.o(.text)
 .text          0x0000000080044760       0x90 build/asm/synstartvoice.s.o
                0x0000000080044760                alSynStartVoice
 build/asm/siacs.s.o(.text)
 .text          0x00000000800447f0       0xc0 build/asm/siacs.s.o
                0x00000000800447f0                func_800447F0
                0x0000000080044840                __osSiGetAccess
                0x0000000080044884                __osSiRelAccess
 build/asm/pfsgetstatus.s.o(.text)
 .text          0x00000000800448b0      0x240 build/asm/pfsgetstatus.s.o
                0x00000000800448b0                __osPfsGetStatus
                0x0000000080044994                __osPfsRequestOneChannel
                0x0000000080044a54                __osPfsGetOneChannelData
 build/asm/contpfs.s.o(.text)
 .text          0x0000000080044af0      0xd60 build/asm/contpfs.s.o
                0x0000000080044af0                __osSumcalc
                0x0000000080044b4c                __osIdCheckSum
                0x0000000080044bb4                __osRepairPackId
                0x0000000080044fcc                __osCheckPackId
                0x0000000080045164                func_80045164
                0x00000000800453c0                __osCheckId
                0x00000000800454bc                __osPfsRWInode
                0x00000000800457dc                __osPfsSelectBank
 build/asm/contramread.s.o(.text)
 .text          0x0000000080045850      0x360 build/asm/contramread.s.o
                0x0000000080045850                __osContRamRead
                0x0000000080045a6c                __osPackRamReadData
 build/asm/pfschecker.s.o(.text)
 .text          0x0000000080045bb0      0xa60 build/asm/pfschecker.s.o
                0x0000000080045bb0                osPfsChecker
                0x0000000080046274                corrupted_init
                0x0000000080046428                corrupted
 build/asm/pfsisplug.s.o(.text)
 .text          0x0000000080046610      0x340 build/asm/pfsisplug.s.o
                0x0000000080046610                osPfsIsPlug
                0x00000000800467b0                __osPfsRequestData
                0x0000000080046880                __osPfsGetInitData
 build/asm/sirawdma.s.o(.text)
 .text          0x0000000080046950       0xb0 build/asm/sirawdma.s.o
                0x0000000080046950                __osSiRawStartDma
 build/asm/crc.s.o(.text)
 .text          0x0000000080046a00      0x180 build/asm/crc.s.o
                0x0000000080046a00                __osContAddressCrc
                0x0000000080046ab0                __osContDataCrc
 build/asm/contramwrite.s.o(.text)
 .text          0x0000000080046b80      0x360 build/asm/contramwrite.s.o
                0x0000000080046b80                __osContRamWrite
                0x0000000080046d84                _osPackRamWriteData
 build/asm/settimer.s.o(.text)
 .text          0x0000000080046ee0       0xe0 build/asm/settimer.s.o
                0x0000000080046ee0                osSetTimer
 build/asm/pfssearchfile.s.o(.text)
 .text          0x0000000080046fc0      0x1c0 build/asm/pfssearchfile.s.o
                0x0000000080046fc0                osPfsFindFile
 build/asm/si.s.o(.text)
 .text          0x0000000080047180       0x30 build/asm/si.s.o
                0x0000000080047180                __osSiDeviceBusy
 build/asm/leointerrupt.s.o(.text)
 .text          0x00000000800471b0      0x880 build/asm/leointerrupt.s.o
                0x00000000800471b0                __osLeoInterrupt
                0x0000000080047854                __osLeoResume
                0x000000008004793c                _osLeoAbnormalResume
 build/asm/destroythread.s.o(.text)
 .text          0x0000000080047a30      0x100 build/asm/destroythread.s.o
                0x0000000080047a30                osDestroyThread
 build/asm/resetglobalintmask.s.o(.text)
 .text          0x0000000080047b30       0x60 build/asm/resetglobalintmask.s.o
                0x0000000080047b30                __osResetGlobalIntMask
 build/asm/epirawwrite.s.o(.text)
 .text          0x0000000080047b90       0x50 build/asm/epirawwrite.s.o
                0x0000000080047b90                osEPiRawWriteIo
 build/asm/epirawread.s.o(.text)
 .text          0x0000000080047be0       0x50 build/asm/epirawread.s.o
                0x0000000080047be0                osEPiRawReadIo
 build/asm/setglobalintmask.s.o(.text)
 .text          0x0000000080047c30       0x50 build/asm/setglobalintmask.s.o
                0x0000000080047c30                __osSetGlobalIntMask
 build/asm/yieldthread.s.o(.text)
 .text          0x0000000080047c80       0x50 build/asm/yieldthread.s.o
                0x0000000080047c80                osYieldThread
 build/asm/setcompare.s.o(.text)
 .text          0x0000000080047cd0       0x10 build/asm/setcompare.s.o
                0x0000000080047cd0                __osSetCompare
 build/asm/xlitob.s.o(.text)
 .text          0x0000000080047ce0      0x2a0 build/asm/xlitob.s.o
                0x0000000080047ce0                _Litob
 build/asm/xldtob.s.o(.text)
 .text          0x0000000080047f80      0xac0 build/asm/xldtob.s.o
                0x0000000080047f80                _Ldtob
                0x00000000800484e8                _Ldunscale
                0x00000000800484f0                _Genld
 build/asm/copy.s.o(.text)
 .text          0x0000000080048a40       0x80 build/asm/copy.s.o
                0x0000000080048a40                alCopy
 build/asm/filter.s.o(.text)
 .text          0x0000000080048ac0       0x20 build/asm/filter.s.o
                0x0000000080048ac0                alFilterNew
 build/asm/reverb.s.o(.text)
 .text          0x0000000080048ae0      0xc50 build/asm/reverb.s.o
                0x0000000080048ae0                _doModFunc
                0x0000000080048b88                _filterBuffer
                0x0000000080048c40                _saveBuffer
                0x0000000080048dc8                _loadBuffer
                0x0000000080048f54                _loadOutputBuffer
                0x0000000080049178                alFxParamHdl
                0x00000000800493d4                alFxParam
                0x00000000800493ec                alFxPull
 build/asm/seq.s.o(.text)
 .text          0x0000000080049730      0x620 build/asm/seq.s.o
                0x0000000080049730                alSeqGetLoc
                0x000000008004974c                alSeqSetLoc
                0x0000000080049768                alSeqGetTicks
                0x0000000080049770                func_80049770
                0x0000000080049778                readVarLen
                0x00000000800497c4                alSeqNextEvent
                0x0000000080049948                alSeqNewMarker
                0x0000000080049a68                alSeqSecToTicks
                0x0000000080049b4c                alSeqTicksToSec
                0x0000000080049ba0                __alSeqNextDelta
                0x0000000080049bf8                read32
                0x0000000080049c48                read16
                0x0000000080049c78                alSeqNew
 build/asm/synsetpriority.s.o(.text)
 .text          0x0000000080049d50      0x1a0 build/asm/synsetpriority.s.o
                0x0000000080049d50                alSynSetPriority
                0x0000000080049d60                func_80049D60
                0x0000000080049e60                ldiv
                0x0000000080049ef0                main_TEXT_END = .
                0x0000000080049ef0                main_DATA_START = .
                0x0000000080049ef0                main_DATA_END = .
                0x0000000080049ef0                main_BSS_START = .
                0x0000000080049ef0                main_BSS_END = .
                0x000000000004aaf0                main_ROM_END = 0x4aaf0
                0x0000000001000000                __romPos = 0x4aaf0
                0x0000000001000000                __romPos = 0x4aaf0
                0x0000000001000000                . = __romPos
                0x000000000004aaf0                ucode_boot_ROM_START = __romPos
                0x000000000004aaf0                ucode_boot_VRAM = ADDR (.ucode_boot)

.ucode_boot     0x000000000004aaf0       0xd0
                0x000000000004aaf0                ucode_boot_TEXT_START = .
                0x000000000004aaf0                ucode_boot_TEXT_END = .
                0x000000000004aaf0                ucode_boot_DATA_START = .
                0x000000000004aaf0                ucode_boot_bin = .
 build/assets/ucode_boot.bin.o(.data)
 .data          0x000000000004aaf0       0xd0 build/assets/ucode_boot.bin.o
                0x000000000004aaf0                _binary_assets_ucode_boot_bin_start
                0x000000000004abc0                _binary_assets_ucode_boot_bin_end
                0x000000000004abc0                ucode_boot_DATA_END = .
                0x000000000004abc0                ucode_boot_BSS_START = .
                0x000000000004abc0                ucode_boot_BSS_END = .
                0x000000000004abc0                ucode_boot_ROM_END = 0x4abc0
                0x0000000001000000                __romPos = 0x4abc0
                0x0000000001000000                __romPos = 0x4abc0
                0x0000000001000000                . = __romPos
                0x000000000004abc0                ucode_ROM_START = __romPos
                0x000000000004abc0                ucode_VRAM = ADDR (.ucode)

.ucode          0x000000000004abc0     0x1430
                0x000000000004abc0                ucode_TEXT_START = .
                0x000000000004abc0                ucode_TEXT_END = .
                0x000000000004abc0                ucode_DATA_START = .
                0x000000000004abc0                ucode_bin = .
 build/assets/ucode.bin.o(.data)
 .data          0x000000000004abc0     0x1430 build/assets/ucode.bin.o
                0x000000000004abc0                _binary_assets_ucode_bin_start
                0x000000000004bff0                _binary_assets_ucode_bin_end
                0x000000000004bff0                ucode_DATA_END = .
                0x000000000004bff0                ucode_BSS_START = .
                0x000000000004bff0                ucode_BSS_END = .
                0x000000000004bff0                ucode_ROM_END = 0x4bff0
                0x0000000001000000                __romPos = 0x4bff0
                0x0000000001000000                __romPos = 0x4bff0
                0x0000000001000000                . = __romPos
                0x000000000004bff0                _4BFF0_ROM_START = __romPos
                0x000000000004bff0                _4BFF0_VRAM = ADDR (._4BFF0)

._4BFF0         0x000000000004bff0    0x26fe0
                0x000000000004bff0                _4BFF0_TEXT_START = .
                0x000000000004bff0                _4BFF0_TEXT_END = .
                0x000000000004bff0                _4BFF0_DATA_START = .
                0x000000000004bff0                _4BFF0_bin = .
 build/assets/4BFF0.bin.o(.data)
 .data          0x000000000004bff0    0x26fe0 build/assets/4BFF0.bin.o
                0x000000000004bff0                _binary_assets_4BFF0_bin_start
                0x0000000000072fd0                _binary_assets_4BFF0_bin_end
                0x0000000000072fd0                _4BFF0_DATA_END = .
                0x0000000000072fd0                _4BFF0_BSS_START = .
                0x0000000000072fd0                _4BFF0_BSS_END = .
                0x0000000000072fd0                _4BFF0_ROM_END = 0x72fd0
                0x0000000001000000                __romPos = 0x72fd0
                0x0000000001000000                __romPos = 0x72fd0
                0x0000000001000000                . = __romPos
                0x0000000000072fd0                ucode_data_ROM_START = __romPos
                0x0000000000072fd0                ucode_data_VRAM = ADDR (.ucode_data)

.ucode_data     0x0000000000072fd0      0x800
                0x0000000000072fd0                ucode_data_TEXT_START = .
                0x0000000000072fd0                ucode_data_TEXT_END = .
                0x0000000000072fd0                ucode_data_DATA_START = .
                0x0000000000072fd0                ucode_data_bin = .
 build/assets/ucode_data.bin.o(.data)
 .data          0x0000000000072fd0      0x800 build/assets/ucode_data.bin.o
                0x0000000000072fd0                _binary_assets_ucode_data_bin_start
                0x00000000000737d0                _binary_assets_ucode_data_bin_end
                0x00000000000737d0                ucode_data_DATA_END = .
                0x00000000000737d0                ucode_data_BSS_START = .
                0x00000000000737d0                ucode_data_BSS_END = .
                0x00000000000737d0                ucode_data_ROM_END = 0x737d0
                0x0000000001000000                __romPos = 0x737d0
                0x0000000001000000                __romPos = 0x737d0
                0x0000000001000000                . = __romPos
                0x00000000000737d0                _737D0_ROM_START = __romPos
                0x00000000000737d0                _737D0_VRAM = ADDR (._737D0)

._737D0         0x00000000000737d0      0x2c0
                0x00000000000737d0                _737D0_TEXT_START = .
                0x00000000000737d0                _737D0_TEXT_END = .
                0x00000000000737d0                _737D0_DATA_START = .
                0x00000000000737d0                _737D0_bin = .
 build/assets/737D0.bin.o(.data)
 .data          0x00000000000737d0      0x2c0 build/assets/737D0.bin.o
                0x00000000000737d0                _binary_assets_737D0_bin_start
                0x0000000000073a90                _binary_assets_737D0_bin_end
                0x0000000000073a90                _737D0_DATA_END = .
                0x0000000000073a90                _737D0_BSS_START = .
                0x0000000000073a90                _737D0_BSS_END = .
                0x0000000000073a90                _737D0_ROM_END = 0x73a90
                0x0000000001000000                __romPos = 0x73a90
                0x0000000001000000                __romPos = 0x73a90
                0x0000000001000000                . = __romPos
                0x0000000000073a90                _73A90_ROM_START = __romPos
                0x0000000000073a90                _73A90_VRAM = ADDR (._73A90)

._73A90         0x0000000000073a90   0xcd7930
                0x0000000000073a90                _73A90_TEXT_START = .
                0x0000000000073a90                _73A90_TEXT_END = .
                0x0000000000073a90                _73A90_DATA_START = .
                0x0000000000073a90                _73A90_bin = .
 build/assets/73A90.bin.o(.data)
 .data          0x0000000000073a90   0xcd7930 build/assets/73A90.bin.o
                0x0000000000073a90                _binary_assets_73A90_bin_start
                0x0000000000d4b3c0                _binary_assets_73A90_bin_end
                0x0000000000d4b3c0                _73A90_DATA_END = .
                0x0000000000d4b3c0                _73A90_BSS_START = .
                0x0000000000d4b3c0                _73A90_BSS_END = .
                0x0000000000d4b3c0                _73A90_ROM_END = 0xd4b3c0
                0x0000000001000000                __romPos = 0xd4b3c0
                0x0000000001000000                __romPos = 0xd4b3c0
                0x0000000001000000                . = __romPos
                0x0000000000d4b3c0                D4B3C0_ROM_START = __romPos
                0x0000000000d4b3c0                D4B3C0_VRAM = ADDR (.D4B3C0)

.D4B3C0         0x0000000000d4b3c0   0x133440
                0x0000000000d4b3c0                D4B3C0_TEXT_START = .
                0x0000000000d4b3c0                D4B3C0_TEXT_END = .
                0x0000000000d4b3c0                D4B3C0_DATA_START = .
                0x0000000000d4b3c0                D4B3C0_bin = .
 build/assets/D4B3C0.bin.o(.data)
 .data          0x0000000000d4b3c0   0x133440 build/assets/D4B3C0.bin.o
                0x0000000000d4b3c0                _binary_assets_D4B3C0_bin_start
                0x0000000000e7e800                _binary_assets_D4B3C0_bin_end
                0x0000000000e7e800                D4B3C0_DATA_END = .
                0x0000000000e7e800                D4B3C0_BSS_START = .
                0x0000000000e7e800                D4B3C0_BSS_END = .
                0x0000000000e7e800                D4B3C0_ROM_END = 0xe7e800
                0x0000000001000000                __romPos = 0xe7e800
                0x0000000001000000                __romPos = 0xe7e800
                0x0000000001000000                . = __romPos
                0x0000000000e7e800                Instrument_ctl_ROM_START = __romPos
                0x0000000000e7e800                Instrument_ctl_VRAM = ADDR (.Instrument_ctl)

.Instrument_ctl
                0x0000000000e7e800     0x2e10
                0x0000000000e7e800                Instrument_ctl_TEXT_START = .
                0x0000000000e7e800                Instrument_ctl_TEXT_END = .
                0x0000000000e7e800                Instrument_ctl_DATA_START = .
                0x0000000000e7e800                Instrument_ctl_bin = .
 build/assets/Instrument_ctl.bin.o(.data)
 .data          0x0000000000e7e800     0x2e10 build/assets/Instrument_ctl.bin.o
                0x0000000000e7e800                _binary_assets_Instrument_ctl_bin_start
                0x0000000000e81610                _binary_assets_Instrument_ctl_bin_end
                0x0000000000e81610                Instrument_ctl_DATA_END = .
                0x0000000000e81610                Instrument_ctl_BSS_START = .
                0x0000000000e81610                Instrument_ctl_BSS_END = .
                0x0000000000e81610                Instrument_ctl_ROM_END = 0xe81610
                0x0000000001000000                __romPos = 0xe81610
                0x0000000001000000                __romPos = 0xe81610
                0x0000000001000000                . = __romPos
                0x0000000000e81610                Instrument_tbl_ROM_START = __romPos
                0x0000000000e81610                Instrument_tbl_VRAM = ADDR (.Instrument_tbl)

.Instrument_tbl
                0x0000000000e81610    0x6ca10
                0x0000000000e81610                Instrument_tbl_TEXT_START = .
                0x0000000000e81610                Instrument_tbl_TEXT_END = .
                0x0000000000e81610                Instrument_tbl_DATA_START = .
                0x0000000000e81610                Instrument_tbl_bin = .
 build/assets/Instrument_tbl.bin.o(.data)
 .data          0x0000000000e81610    0x6ca10 build/assets/Instrument_tbl.bin.o
                0x0000000000e81610                _binary_assets_Instrument_tbl_bin_start
                0x0000000000eee020                _binary_assets_Instrument_tbl_bin_end
                0x0000000000eee020                Instrument_tbl_DATA_END = .
                0x0000000000eee020                Instrument_tbl_BSS_START = .
                0x0000000000eee020                Instrument_tbl_BSS_END = .
                0x0000000000eee020                Instrument_tbl_ROM_END = 0xeee020
                0x0000000001000000                __romPos = 0xeee020